// Jest Snapshot v1, https://goo.gl/fbAQLP

exports[`AnimalCrossingContainer shallow renders 1`] = `
<div
  className="animal-crossing-container"
>
  Test
</div>
`;
