// Jest Snapshot v1, https://goo.gl/fbAQLP

exports[`AnimalCrossingContainer shallow renders 1`] = `
<span
  className="animal-crossing-header"
>
  Test
</span>
`;
