// Jest Snapshot v1, https://goo.gl/fbAQLP

exports[`Button shallow renders 1`] = `
<button
  className="animal-crossing-btn"
>
  Test
</button>
`;
