// Jest Snapshot v1, https://goo.gl/fbAQLP

exports[`Image shallow renders 1`] = `
<div
  className="animal-crossing-img gyroid"
/>
`;
